
> react-typescript-starter@0.1.0 test
> react-scripts test --coverage

Browserslist: caniuse-lite is outdated. Please run:
  npx browserslist@latest --update-db
  Why you should do it regularly: https://github.com/browserslist/browserslist#browsers-data-updating
FAIL src/HtmlCss.test.tsx
  ● Some HTML Elements are added. › There is a header

    TestingLibraryElementError: Found multiple elements with the role "heading"

    Here are the matching elements:

    Ignored nodes: comments, <script />, <style />
    [36m<h1>[39m
      [0mThis is the header.[0m
    [36m</h1>[39m

    Ignored nodes: comments, <script />, <style />
    [36m<h2>[39m
      [0mAlso, here is a picture of a turtle.[0m
    [36m</h2>[39m

    (If this is intentional, then use the `*AllBy*` variant of the query (like `queryAllByText`, `getAllByText`, or `findAllByText`)).

    Ignored nodes: comments, <script />, <style />
    [36m<body>[39m
      [36m<div>[39m
        [36m<div[39m
          [33mclass[39m=[32m"App"[39m
        [36m>[39m
          [36m<header[39m
            [33mclass[39m=[32m"App-header"[39m
          [36m>[39m
            [0mUD CISC275 with React Hooks and TypeScript[0m
          [36m</header>[39m
          [36m<h1>[39m
            [0mThis is the header.[0m
          [36m</h1>[39m
          [36m<h2>[39m
            [0mAlso, here is a picture of a turtle.[0m
          [36m</h2>[39m
          [36m<div[39m
            [33mclass[39m=[32m"Image"[39m
          [36m>[39m
            [36m<img[39m
              [33malt[39m=[32m"A picture of a turtle"[39m
              [33msrc[39m=[32m"TurtlePic.png"[39m
            [36m/>[39m
          [36m</div>[39m
          [36m<div[39m
            [33mclass[39m=[32m"Ordered-list"[39m
          [36m>[39m
            [36m<ol>[39m
              [36m<li>[39m
                [0mFirst[0m
              [36m</li>[39m
              [36m<li>[39m
                [0mSecond[0m
              [36m</li>[39m
              [36m<li>[39m
                [0mThird[0m
              [36m</li>[39m
            [36m</ol>[39m
          [36m</div>[39m
          [36m<button[39m
            [33mclass[39m=[32m"btn btn-primary"[39m
            [33mtype[39m=[32m"button"[39m
          [36m>[39m
            [0mLog Hello World[0m
          [36m</button>[39m
          [36m<div[39m
            [33mclass[39m=[32m"Two-columns"[39m
          [36m>[39m
            [36m<div[39m
              [33mclass[39m=[32m"container"[39m
            [36m>[39m
              [36m<div[39m
                [33mclass[39m=[32m"row"[39m
              [36m>[39m
                [36m<div[39m
                  [33mclass[39m=[32m"Column1"[39m
                [36m>[39m
                  [36m<div[39m
                    [33mclass[39m=[32m"col"[39m
                  [36m>[39m
                    [0mFirst column.[0m
                  [36m</div>[39m
                [36m</div>[39m
                [36m<div[39m
                  [33mclass[39m=[32m"Column2"[39m
                [36m>[39m
                  [36m<div[39m
                    [33mclass[39m=[32m"col"[39m
                  [36m>[39m
                    [0mSecond column.[0m
                  [36m</div>[39m
                [36m</div>[39m
              [36m</div>[39m
            [36m</div>[39m
          [36m</div>[39m
          [36m<p>[39m
            [0mVictor Tung[0m
          [36m</p>[39m
        [36m</div>[39m
      [36m</div>[39m
    [36m</body>[39m

       7 |     test("There is a header", () => {
       8 |         render(<App />);
    >  9 |         const header = screen.getByRole("heading");
         |                               ^
      10 |         expect(header).toBeInTheDocument();
      11 |     });
      12 |

      at Object.getElementError (node_modules/@testing-library/dom/dist/config.js:38:19)
      at getElementError (node_modules/@testing-library/dom/dist/query-helpers.js:25:35)
      at getMultipleElementsFoundError (node_modules/@testing-library/dom/dist/query-helpers.js:29:10)
      at node_modules/@testing-library/dom/dist/query-helpers.js:66:13
      at getByRole (node_modules/@testing-library/dom/dist/query-helpers.js:111:19)
      at Object.<anonymous> (src/HtmlCss.test.tsx:9:31)

PASS src/text.test.tsx
PASS src/App.test.tsx
----------|---------|----------|---------|---------|-------------------
File      | % Stmts | % Branch | % Funcs | % Lines | Uncovered Line #s 
----------|---------|----------|---------|---------|-------------------
All files |     100 |      100 |     100 |     100 |                   
 App.tsx  |     100 |      100 |     100 |     100 |                   
----------|---------|----------|---------|---------|-------------------

Test Suites: 1 failed, 2 passed, 3 total
Tests:       1 failed, 8 passed, 9 total
Snapshots:   0 total
Time:        2.947 s
Ran all test suites.
